// Jest Snapshot v1, https://goo.gl/fbAQLP

exports[`Search can render 1`] = `
<div>
  <form
    class="Search"
  >
    <div
      class="TextField"
    >
      <label
        for="example"
      >
        example
      </label>
      <input
        id="example"
        name="example"
        type="search"
        value="a test value"
      />
    </div>
    <button
      class="Button"
      type="submit"
    >
      search
    </button>
  </form>
</div>
`;
