// Jest Snapshot v1, https://goo.gl/fbAQLP

exports[`Unit test for AppNav AppNav get link icons 1`] = `
<nav
  class="Polaris-Navigation"
>
  <div
    class="Polaris-Navigation__UserMenu"
  />
  <div
    class="Polaris-Navigation__PrimaryNavigation Polaris-Scrollable Polaris-Scrollable--vertical"
    data-polaris-scrollable="true"
  >
    <ul
      class="Polaris-Navigation__Section"
    >
      <li
        class="Polaris-Navigation__ListItem"
      >
        <a
          class="Polaris-Navigation__Item"
          data-polaris-unstyled="true"
          href="/home"
          tabindex="0"
        >
          <div
            class="Polaris-Navigation__Icon"
          >
            <span
              class="Polaris-Icon"
            >
              <svg>
                ui-16px-1_home-52.svg
              </svg>
            </span>
          </div>
          <span
            class="Polaris-Navigation__Text"
          >
            Home
          </span>
        </a>
      </li>
      <li
        class="Polaris-Navigation__ListItem"
      >
        <a
          class="Polaris-Navigation__Item"
          data-polaris-unstyled="true"
          href="/courses"
          tabindex="0"
        >
          <div
            class="Polaris-Navigation__Icon"
          >
            <span
              class="Polaris-Icon"
            >
              <svg>
                education-16px_school.svg
              </svg>
            </span>
          </div>
          <span
            class="Polaris-Navigation__Text"
          >
            Courses
          </span>
        </a>
      </li>
      <li
        class="Polaris-Navigation__ListItem"
      >
        <a
          class="Polaris-Navigation__Item"
          data-polaris-unstyled="true"
          href="/question-banks"
          tabindex="0"
        >
          <div
            class="Polaris-Navigation__Icon"
          >
            <span
              class="Polaris-Icon"
            >
              <svg>
                business-16px_bank.svg
              </svg>
            </span>
          </div>
          <span
            class="Polaris-Navigation__Text"
          >
            Question Banks
          </span>
        </a>
      </li>
      <li
        class="Polaris-Navigation__ListItem"
      >
        <a
          class="Polaris-Navigation__Item"
          data-polaris-unstyled="true"
          href="/media"
          tabindex="0"
        >
          <div
            class="Polaris-Navigation__Icon"
          >
            <span
              class="Polaris-Icon"
            >
              <svg>
                media-16px-1_image-05.svg
              </svg>
            </span>
          </div>
          <span
            class="Polaris-Navigation__Text"
          >
            Media
          </span>
        </a>
      </li>
      <li
        class="Polaris-Navigation__ListItem"
      >
        <a
          class="Polaris-Navigation__Item"
          data-polaris-unstyled="true"
          href="/messages"
          tabindex="0"
        >
          <div
            class="Polaris-Navigation__Icon"
          >
            <span
              class="Polaris-Icon"
            >
              <svg>
                ui-16px-1_email-83.svg
              </svg>
            </span>
          </div>
          <span
            class="Polaris-Navigation__Text"
          >
            Messages
          </span>
        </a>
      </li>
    </ul>
  </div>
</nav>
`;

exports[`Unit test for AppNav AppNav trial 1`] = `
<nav
  class="Polaris-Navigation"
>
  <div
    class="Polaris-Navigation__UserMenu"
  />
  <div
    class="Polaris-Navigation__PrimaryNavigation Polaris-Scrollable Polaris-Scrollable--vertical"
    data-polaris-scrollable="true"
  >
    <ul
      class="Polaris-Navigation__Section"
    >
      <li
        class="Polaris-Navigation__ListItem"
      >
        <a
          class="Polaris-Navigation__Item"
          data-polaris-unstyled="true"
          href="/home"
          tabindex="0"
        >
          <div
            class="Polaris-Navigation__Icon"
          >
            <span
              class="Polaris-Icon"
            >
              <svg>
                ui-16px-1_home-52.svg
              </svg>
            </span>
          </div>
          <span
            class="Polaris-Navigation__Text"
          >
            Home
          </span>
        </a>
      </li>
      <li
        class="Polaris-Navigation__ListItem"
      >
        <a
          class="Polaris-Navigation__Item"
          data-polaris-unstyled="true"
          href="/courses"
          tabindex="0"
        >
          <div
            class="Polaris-Navigation__Icon"
          >
            <span
              class="Polaris-Icon"
            >
              <svg>
                education-16px_school.svg
              </svg>
            </span>
          </div>
          <span
            class="Polaris-Navigation__Text"
          >
            Courses
          </span>
        </a>
      </li>
      <li
        class="Polaris-Navigation__ListItem"
      >
        <a
          class="Polaris-Navigation__Item"
          data-polaris-unstyled="true"
          href="/question-banks"
          tabindex="0"
        >
          <div
            class="Polaris-Navigation__Icon"
          >
            <span
              class="Polaris-Icon"
            >
              <svg>
                business-16px_bank.svg
              </svg>
            </span>
          </div>
          <span
            class="Polaris-Navigation__Text"
          >
            Question Banks
          </span>
        </a>
      </li>
      <li
        class="Polaris-Navigation__ListItem"
      >
        <a
          class="Polaris-Navigation__Item"
          data-polaris-unstyled="true"
          href="/media"
          tabindex="0"
        >
          <div
            class="Polaris-Navigation__Icon"
          >
            <span
              class="Polaris-Icon"
            >
              <svg>
                media-16px-1_image-05.svg
              </svg>
            </span>
          </div>
          <span
            class="Polaris-Navigation__Text"
          >
            Media
          </span>
        </a>
      </li>
      <li
        class="Polaris-Navigation__ListItem"
      >
        <a
          class="Polaris-Navigation__Item"
          data-polaris-unstyled="true"
          href="/messages"
          tabindex="0"
        >
          <div
            class="Polaris-Navigation__Icon"
          >
            <span
              class="Polaris-Icon"
            >
              <svg>
                ui-16px-1_email-83.svg
              </svg>
            </span>
          </div>
          <span
            class="Polaris-Navigation__Text"
          >
            Messages
          </span>
        </a>
      </li>
    </ul>
  </div>
</nav>
`;
