// Jest Snapshot v1, https://goo.gl/fbAQLP

exports[`TextField can render 1`] = `
<div>
  <div
    class="TextField"
  >
    <label
      for="example"
    >
      example
    </label>
    <input
      id="example"
      name="example"
      type="text"
      value="woohoo!"
    />
  </div>
</div>
`;
