// Jest Snapshot v1, https://goo.gl/fbAQLP

exports[`MediaObject can render 1`] = `
<div>
  <div
    class="MediaObject"
  >
    <div
      class="MediaObjectMedia"
    >
      <img
        alt="src"
        src="https://dummyimage.com/100x100/000/fff.gif"
      />
    </div>
    <div
      class="MediaObjectContent"
    >
      <p>
        Example Content
      </p>
    </div>
  </div>
</div>
`;
